hp-check[49817]: info: :
hp-check[49817]: info: :[01mHP Linux Imaging and Printing System (ver. 3.25.8)[0m
hp-check[49817]: info: :[01mDependency/Version Check Utility ver. 15.1[0m
hp-check[49817]: info: :
hp-check[49817]: info: :Copyright (c) 2001-18 HP Development Company, LP
hp-check[49817]: info: :This software comes with ABSOLUTELY NO WARRANTY.
hp-check[49817]: info: :This is free software, and you are welcome to distribute it
hp-check[49817]: info: :under certain conditions. See COPYING file for more details.
hp-check[49817]: info: :
hp-check[49817]: info: :[01mNote: hp-check can be run in three modes:[0m
hp-check[49817]: info: :1. Compile-time check mode (-c or --compile): Use this mode     
hp-check[49817]: info: :before compiling the HPLIP supplied tarball (.tar.gz or .run) to
hp-check[49817]: info: :determine if the proper dependencies are installed to           
hp-check[49817]: info: :successfully compile HPLIP.                                     
hp-check[49817]: info: :2. Run-time check mode (-r or --run): Use this mode to determine
hp-check[49817]: info: :if a distro supplied package (.deb, .rpm, etc) or an already    
hp-check[49817]: info: :built HPLIP supplied tarball has the proper dependencies        
hp-check[49817]: info: :installed to successfully run.                                  
hp-check[49817]: info: :3. Both compile- and run-time check mode (-b or --both)         
hp-check[49817]: info: :(Default): This mode will check both of the above cases (both   
hp-check[49817]: info: :compile- and run-time dependencies).                            
hp-check[49817]: info: :
hp-check[49817]: info: :Check types:                                                    
hp-check[49817]: info: :a. EXTERNALDEP - External Dependencies                          
hp-check[49817]: info: :b. GENERALDEP - General Dependencies (required both at compile  
hp-check[49817]: info: :and run time)                                                   
hp-check[49817]: info: :c. COMPILEDEP - Compile time Dependencies                       
hp-check[49817]: info: :d. [All are run-time checks]                                    
hp-check[49817]: info: :PYEXT SCANCONF QUEUES PERMISSION                                
hp-check[49817]: info: :
hp-check[49817]: info: :Status Types:
hp-check[49817]: info: :    OK
hp-check[49817]: info: :    MISSING       - Missing Dependency or Permission or Plug-in
hp-check[49817]: info: :    INCOMPAT      - Incompatible dependency-version or Plugin-version
hp-check[49817]: info: :
warning: [01m5-44 version is not supported. Using 5-40 versions dependencies to verify and install...[0m
hp-check[49817]: info: :
hp-check[49817]: info: :---------------
hp-check[49817]: info: :| SYSTEM INFO |
hp-check[49817]: info: :---------------
hp-check[49817]: info: :
hp-check[49817]: info: : Kernel: 6.19.10-300.fc44.x86_64 #1 SMP PREEMPT_DYNAMIC Wed Mar 25 18:23:49 UTC 2026 GNU/Linux
 Host: fedora
 Proc: 6.19.10-300.fc44.x86_64 #1 SMP PREEMPT_DYNAMIC Wed Mar 25 18:23:49 UTC 2026 GNU/Linux
 Distribution: 5 44
hp-check[49817]: info: : Bitness: 64 bit

hp-check[49817]: info: :
hp-check[49817]: info: :-----------------------
hp-check[49817]: info: :| HPLIP CONFIGURATION |
hp-check[49817]: info: :-----------------------
hp-check[49817]: info: :
hp-check[49817]: info: :HPLIP-Version: HPLIP 3.25.8
hp-check[49817]: info: :HPLIP-Home: /usr/share/hplip
warning: HPLIP-Installation: Auto installation is not supported for 5 distro  44 version 
hp-check[49817]: info: :
hp-check[49817]: info: :[01mCurrent contents of '/etc/hp/hplip.conf' file:[0m
hp-check[49817]: info: :# hplip.conf.  Generated from hplip.conf.in by configure.

[hplip]
version=3.25.8

[dirs]
home=/usr/share/hplip
run=/var/run
ppd=/usr/share/ppd/HP
ppdbase=/usr/share/ppd
doc=/usr/share/doc/hplip-3.25.8
html=/usr/share/doc/hplip-3.25.8
icon=/usr/share/applications
cupsbackend=/usr/lib/cups/backend
cupsfilter=/usr/lib/cups/filter
drv=/usr/share/cups/drv/hp
bin=/usr/bin
apparmor=/etc/apparmor.d
# Following values are determined at configure time and cannot be changed.
[configure]
network-build=yes
libusb01-build=no
pp-build=yes
gui-build=yes
scanner-build=yes
fax-build=yes
dbus-build=yes
cups11-build=no
doc-build=yes
shadow-build=no
hpijs-install=yes
foomatic-drv-install=yes
foomatic-ppd-install=no
foomatic-rip-hplip-install=no
hpcups-install=yes
cups-drv-install=yes
cups-ppd-install=no
internal-tag=3.25.8
restricted-build=no
ui-toolkit=qt5
qt3=no
qt4=no
qt5=yes
policy-kit=no
lite-build=no
udev_sysfs_rules=no
hpcups-only-build=no
hpijs-only-build=no
apparmor_build=no
class-driver=no

hp-check[49817]: info: :
hp-check[49817]: info: :[01mCurrent contents of '/var/lib/hp/hplip.state' file:[0m
hp-check[49817]: info: :Plugins are not installed. Could not access file: No such file or directory
hp-check[49817]: info: :
hp-check[49817]: info: :[01mCurrent contents of '~/.hplip/hplip.conf' file:[0m
hp-check[49817]: info: :[installation]
date_time = 05/27/26 19:03:39
version = 3.25.8


hp-check[49817]: info: : <Package-name>        <Package-Desc>      <Required/Optional> <Min-Version> <Installed-Version> <Status>   <Comment>
hp-check[49817]: info: :
hp-check[49817]: info: :-------------------------
hp-check[49817]: info: :| External Dependencies |
hp-check[49817]: info: :-------------------------
hp-check[49817]: info: :
hp-check[49817]: info: : cups                 CUPS - Common Unix Printing System                           REQUIRED        -               -               OK         'CUPS Scheduler is running'
hp-check[49817]: info: : gs                   GhostScript - PostScript and PDF language interpreter and previewer REQUIRED        7.05            10.06.0         OK         -
hp-check[49817]: info: :[31;01m error: xsane         xsane - Graphical scanner frontend for SANE                  OPTIONAL        0.9             -               MISSING    'xsane needs to be installed'[0m
hp-check[49817]: info: : scanimage            scanimage - Shell scanning program                           OPTIONAL        1.0             1.4.0           OK         -
hp-check[49817]: info: : dbus                 DBus - Message bus system                                    REQUIRED        -               1.16.2          OK         -
hp-check[49817]: info: : policykit            PolicyKit - Administrative policy framework                  OPTIONAL        -               127             OK         -
hp-check[49817]: info: : network              network -wget                                                OPTIONAL        -               2.2.1           OK         -
hp-check[49817]: info: : avahi-utils          avahi-utils                                                  OPTIONAL        -               0.8             OK         -
hp-check[49817]: info: :
hp-check[49817]: info: :------------------------
hp-check[49817]: info: :| General Dependencies |
hp-check[49817]: info: :------------------------
hp-check[49817]: info: :
hp-check[49817]: info: :[31;01m error: libjpeg       libjpeg - JPEG library                                       REQUIRED        -               -               MISSING    'libjpeg needs to be installed'[0m
hp-check[49817]: info: :[31;01m error: cups-devel    CUPS devel- Common Unix Printing System development files    REQUIRED        1.1             -               MISSING    'cups-devel needs to be installed'[0m
hp-check[49817]: info: :[31;01m error: cups-image    CUPS image - CUPS image development files                    REQUIRED        1.1             -               MISSING    'cups-image needs to be installed'[0m
hp-check[49817]: info: : libpthread           libpthread - POSIX threads library                           REQUIRED        -               b'2.43'         OK         -
hp-check[49817]: info: :[31;01m error: libusb        libusb - USB library                                         REQUIRED        -               1.0             MISSING    'libusb needs to be installed'[0m
hp-check[49817]: info: : sane                 SANE - Scanning library                                      REQUIRED        -               -               OK         -
hp-check[49817]: info: :[31;01m error: sane-devel    SANE - Scanning library development files                    REQUIRED        -               -               MISSING    'sane-devel needs to be installed'[0m
hp-check[49817]: info: :[31;01m error: libavahi-dev  libavahi-dev                                                 REQUIRED        -               -               MISSING    'libavahi-dev needs to be installed'[0m
hp-check[49817]: info: :[31;01m error: libnetsnmp-devel libnetsnmp-devel - SNMP networking library development files REQUIRED        5.0.9           -               MISSING    'libnetsnmp-devel needs to be installed'[0m
hp-check[49817]: info: :[31;01m error: libcrypto     libcrypto - OpenSSL cryptographic library                    REQUIRED        -               3.5.5           MISSING    'libcrypto needs to be installed'[0m
hp-check[49817]: info: : python3X             Python 2.2 or greater - Python programming language          REQUIRED        2.2             3.14.3          OK         -
hp-check[49817]: info: :[31;01m error: python3-notify2 Python libnotify - Python bindings for the libnotify Desktop notifications OPTIONAL        -               -               MISSING    'python3-notify2 needs to be installed'[0m
hp-check[49817]: info: :[31;01m error: python3-pyqt4-dbus PyQt 4 DBus - DBus Support for PyQt4                         OPTIONAL        4.0             -               MISSING    'python3-pyqt4-dbus needs to be installed'[0m
hp-check[49817]: info: :[31;01m error: python3-pyqt4 PyQt 4- Qt interface for Python (for Qt version 4.x)         REQUIRED        4.0             -               MISSING    'python3-pyqt4 needs to be installed'[0m
hp-check[49817]: info: : python3-dbus         Python DBus - Python bindings for DBus                       REQUIRED        0.80.0          1.4.0           OK         -
hp-check[49817]: info: : python3-xml          Python XML libraries                                         REQUIRED        -               2.7.3           OK         -
hp-check[49817]: info: :[31;01m error: python3-devel Python devel - Python development files                      REQUIRED        2.2             3.14.3          MISSING    'python3-devel needs to be installed'[0m
hp-check[49817]: info: : python3-pil          PIL - Python Imaging Library (required for commandline scanning with hp-scan) OPTIONAL        -               12.1.0          OK         -
hp-check[49817]: info: : python3-reportlab    Reportlab - PDF library for Python                           OPTIONAL        2.0             4.5.1           OK         -
hp-check[49817]: info: :
hp-check[49817]: info: :--------------
hp-check[49817]: info: :| COMPILEDEP |
hp-check[49817]: info: :--------------
hp-check[49817]: info: :
hp-check[49817]: info: :[31;01m error: libtool       libtool - Library building support services                  REQUIRED        -               -               MISSING    'libtool needs to be installed'[0m
hp-check[49817]: info: :[31;01m error: gcc           gcc - GNU Project C and C++ Compiler                         REQUIRED        -               16.1.1          MISSING    'gcc needs to be installed'[0m
hp-check[49817]: info: : make                 make - GNU make utility to maintain groups of programs       REQUIRED        3.0             4.4.1           OK         -
hp-check[49817]: info: :
hp-check[49817]: info: :---------------------
hp-check[49817]: info: :| Python Extentions |
hp-check[49817]: info: :---------------------
hp-check[49817]: info: :
hp-check[49817]: info: : cupsext              CUPS-Extension                                               REQUIRED        -               3.25.8          OK         -
hp-check[49817]: info: : hpmudext             IO-Extension                                                 REQUIRED        -               3.25.8          OK         -
hp-check[49817]: info: :
hp-check[49817]: info: :----------------------
hp-check[49817]: info: :| Scan Configuration |
hp-check[49817]: info: :----------------------
hp-check[49817]: info: :
hp-check[49817]: info: : hpaio                HPLIP-SANE-Backend                                           REQUIRED        -               3.25.8          OK         'hpaio found in /etc/sane.d/dll.conf'
hp-check[49817]: info: : scanext              Scan-SANE-Extension                                          REQUIRED        -               3.25.8          OK         -
hp-check[49817]: info: :
hp-check[49817]: info: :------------------------------
hp-check[49817]: info: :| DISCOVERED SCANNER DEVICES |
hp-check[49817]: info: :------------------------------
hp-check[49817]: info: :
hp-check[49817]: info: :No Scanner found.
hp-check[49817]: info: :
hp-check[49817]: info: :--------------------------
hp-check[49817]: info: :| DISCOVERED USB DEVICES |
hp-check[49817]: info: :--------------------------
hp-check[49817]: info: :
hp-check[49817]: info: :No devices found.
hp-check[49817]: info: :
hp-check[49817]: info: :---------------------------------
hp-check[49817]: info: :| INSTALLED CUPS PRINTER QUEUES |
hp-check[49817]: info: :---------------------------------
hp-check[49817]: info: :
hp-check[49817]: info: :
hp-check[49817]: info: :[01mlpstat[0m
hp-check[49817]: info: :[01m------[0m
hp-check[49817]: info: :Type: Unknown
hp-check[49817]: info: :Device URI: Нет добавленных назначений.
hp-check[49817]: info: :
hp-check[49817]: info: :
hp-check[49817]: info: :--------------
hp-check[49817]: info: :| PERMISSION |
hp-check[49817]: info: :--------------
hp-check[49817]: info: :
hp-check[49817]: info: :
hp-check[49817]: info: :-----------
hp-check[49817]: info: :| SUMMARY |
hp-check[49817]: info: :-----------
hp-check[49817]: info: :
hp-check[49817]: info: :[01mMissing Required Dependencies[0m
hp-check[49817]: info: :[01m-----------------------------[0m
error: 'libjpeg-devel' package is missing/incompatible 
error: 'cups-devel' package is missing/incompatible 
error: 'cups-devel' package is missing/incompatible 
error: 'libusb1-devel' package is missing/incompatible 
error: 'sane-backends-devel' package is missing/incompatible 
error: 'avahi-devel' package is missing/incompatible 
error: 'net-snmp-devel' package is missing/incompatible 
error: 'openssl-devel' package is missing/incompatible 
error: 'python3-devel' package is missing/incompatible 
error: 'libtool' package is missing/incompatible 
error: 'rpm-build' package is missing/incompatible 
error: 'gcc-c++' package is missing/incompatible 
hp-check[49817]: info: :
hp-check[49817]: info: :[01mMissing Optional Dependencies[0m
hp-check[49817]: info: :[01m-----------------------------[0m
error: 'xsane' package is missing/incompatible 
error: 'PKG_FROM_PIP:notify2' package is missing/incompatible 
hp-check[49817]: info: :
hp-check[49817]: info: :Total Errors: 15
hp-check[49817]: info: :Total Warnings: 0
hp-check[49817]: info: :
hp-check[49817]: info: :
hp-check[49817]: info: :Done.
